producer_class	xtools.gsea.GseaPreranked
producer_timestamp	1723674399702
param	rpt_label	my_analysis
param	rnd_seed	timestamp
param	set_min	15
param	zip_report	false
param	create_svgs	false
param	scoring_scheme	weighted
param	rnk	/Volumes/ODonnellShare-7/Hari/Results/April 24 - August 24/06_24_24_Spatial Transcriptomics_New Comparisons/T11b-high Squamous (S1&S2) vs Adenocarcinoma (A1&A2)/Ranked list_DGE_squamousT11b_vs_all adenosadeno_HSE13-NT copy.rnk
param	norm	meandiv
param	out	/Users/S434287/gsea_home/output/aug14
param	mode	Abs_max_of_probes
param	include_only_symbols	true
param	help	false
param	set_max	500
param	gmx	ftp.broadinstitute.org://pub/gsea/msigdb/mouse/gene_sets/m8.all.v2024.1.Mm.symbols.gmt
param	make_sets	true
param	plot_top_x	20
param	gui	false
param	nperm	1000
param	collapse	No_Collapse

file	/Users/S434287/gsea_home/output/aug14/my_analysis.GseaPreranked.1723674399702/index.html
