producer_class	xtools.gsea.GseaPreranked
producer_timestamp	1723673606674
param	rpt_label	my_analysis
param	rnd_seed	timestamp
param	set_min	15
param	zip_report	false
param	create_svgs	false
param	scoring_scheme	weighted
param	rnk	/Volumes/ODonnellShare-7/Hari/Results/September 23 - March 24/01_22_24_Spatial Transcriptomic Analysis_Downstream identification of genes and pathways_AdenoCre_HHSE13_nt/T11b high vs low squamous/T11b high vs low squamous_GSEA_Ranked.rnk
param	norm	meandiv
param	out	/Users/S434287/gsea_home/output/aug14
param	mode	Abs_max_of_probes
param	include_only_symbols	true
param	help	false
param	set_max	500
param	gmx	ftp.broadinstitute.org://pub/gsea/msigdb/mouse/gene_sets/mh.all.v2024.1.Mm.symbols.gmt
param	make_sets	true
param	plot_top_x	20
param	gui	false
param	nperm	1000
param	collapse	No_Collapse

file	/Users/S434287/gsea_home/output/aug14/my_analysis.GseaPreranked.1723673606674/index.html
